get_name file.mp3
Новое имя file.mp3 new_title. Результат:  file
Длительность: 14252 сек
Длительность в формате %H:%M:%S  03:57:32
Количество строк в файле:  84
0 : 02:43 - Veronica Bravo, Le Bober - Faded
02:44 : 05:46 - Cale, HALUNA - A Sky Full Of Stars
05:47 : 08:19 - Cale, HALUNA - Hymn For The Weekend
08:20 : 10:55 - Max Martis, HALUNA - California Dreaming
10:56 : 13:46 - Titov, Rachela - Titanium
13:47 : 16:45 - Dj Goja x Magic Phase - Calm Down
16:46 : 19:25 - Cale, HALUNA - Payphone
19:26 : 22:34 - Dj Alex Man, Dj Diac, HALUNA - I’m Blue
22:35 : 25:23 - Twin _ Elise Lieberth - In The End
25:24 : 28:00 - HALUNA, PACANI - Lost On You
28:01 : 31:05 - Twin, Jessica Chertock - Love Me Like You Do
31:06 : 33:56 - LexMorris, Michelle Ray - What Is Love
33:57 : 36:25 - LexMorris, RachelA - Wolves
36:26 : 38:53 - Twin, Jessica Chertock - Habits (Stay High)
38:54 : 41:52 - Twin, Veronica Bravo - We Don't Talk Anymore
41:53 : 45:01 - Le Bober - Somebody Else
45:02 : 47:39 - Alban Chela, Mike L _ Britt - Closer
47:40 : 50:43 - Alban Chela, Mike L, Overheat - Love Yourself
50:44 : 53:32 - Ben Plum, Tart - What Do You Mean
53:33 : 56:33 - Dj Goja - Cause I`m Crazy (wav)
56:34 : 59:13 - Dj Goja x Lunis - Crazy (wav)
59:14 : 01:01:58 - Veronica Bravo, Le Bober - Faded
1:01:59 : 01:05:01 - Cale, HALUNA - A Sky Full Of Stars
1:05:02 : 01:07:34 - Cale, HALUNA - Hymn For The Weekend
1:07:35 : 01:10:10 - Max Martis, HALUNA - California Dreaming
1:10:11 : 01:13:01 - Titov, Rachela - Titanium
1:13:02 : 01:16:00 - Dj Goja x Magic Phase - Calm Down
1:16:01 : 01:18:40 - Cale, HALUNA - Payphone
1:18:41 : 01:21:49 - Dj Alex Man, Dj Diac, HALUNA - I’m Blue
1:21:50 : 01:24:38 - Twin _ Elise Lieberth - In The End
1:24:39 : 01:27:15 - HALUNA, PACANI - Lost On You
1:27:16 : 01:30:20 - Twin, Jessica Chertock - Love Me Like You Do
1:30:21 : 01:33:11 - LexMorris, Michelle Ray - What Is Love
1:33:12 : 01:35:40 - LexMorris, RachelA - Wolves
1:35:41 : 01:38:08 - Twin, Jessica Chertock - Habits (Stay High)
1:38:09 : 01:41:07 - Twin, Veronica Bravo - We Don't Talk Anymore
1:41:08 : 01:44:16 - Le Bober - Somebody Else
1:44:17 : 01:46:54 - Alban Chela, Mike L _ Britt - Closer
1:46:55 : 01:49:58 - Alban Chela, Mike L, Overheat - Love Yourself
1:49:59 : 01:52:47 - Ben Plum, Tart - What Do You Mean
1:52:48 : 01:55:48 - Dj Goja - Cause I`m Crazy (wav)
1:55:49 : 01:58:28 - Dj Goja x Lunis - Crazy (wav)
1:58:29 : 02:01:13 - Veronica Bravo, Le Bober - Faded
2:01:14 : 02:04:16 - Cale, HALUNA - A Sky Full Of Stars
2:04:17 : 02:06:49 - Cale, HALUNA - Hymn For The Weekend
2:06:50 : 02:09:25 - Max Martis, HALUNA - California Dreaming
2:09:26 : 02:12:16 - Titov, Rachela - Titanium
2:12:17 : 02:15:15 - Dj Goja x Magic Phase - Calm Down
2:15:16 : 02:17:55 - Cale, HALUNA - Payphone
2:17:56 : 02:21:04 - Dj Alex Man, Dj Diac, HALUNA - I’m Blue
2:21:05 : 02:23:53 - Twin _ Elise Lieberth - In The End
2:23:54 : 02:26:30 - HALUNA, PACANI - Lost On You
2:26:31 : 02:29:35 - Twin, Jessica Chertock - Love Me Like You Do
2:29:36 : 02:32:26 - LexMorris, Michelle Ray - What Is Love
2:32:27 : 02:34:55 - LexMorris, RachelA - Wolves
2:34:56 : 02:37:23 - Twin, Jessica Chertock - Habits (Stay High)
2:37:24 : 02:40:22 - Twin, Veronica Bravo - We Don't Talk Anymore
2:40:23 : 02:43:31 - Le Bober - Somebody Else
2:43:32 : 02:46:09 - Alban Chela, Mike L _ Britt - Closer
2:46:10 : 02:49:13 - Alban Chela, Mike L, Overheat - Love Yourself
2:49:14 : 02:52:02 - Ben Plum, Tart - What Do You Mean
2:52:03 : 02:55:03 - Dj Goja - Cause I`m Crazy (wav)
2:55:04 : 02:57:43 - Dj Goja x Lunis - Crazy (wav)
2:57:44 : 03:00:28 - Veronica Bravo, Le Bober - Faded
3:00:29 : 03:03:31 - Cale, HALUNA - A Sky Full Of Stars
3:03:32 : 03:06:04 - Cale, HALUNA - Hymn For The Weekend
3:06:05 : 03:08:40 - Max Martis, HALUNA - California Dreaming
3:08:41 : 03:11:31 - Titov, Rachela - Titanium
3:11:32 : 03:14:30 - Dj Goja x Magic Phase - Calm Down
3:14:31 : 03:17:10 - Cale, HALUNA - Payphone
3:17:11 : 03:20:19 - Dj Alex Man, Dj Diac, HALUNA - I’m Blue
3:20:20 : 03:23:08 - Twin _ Elise Lieberth - In The End
3:23:09 : 03:25:45 - HALUNA, PACANI - Lost On You
3:25:46 : 03:28:50 - Twin, Jessica Chertock - Love Me Like You Do
3:28:51 : 03:31:41 - LexMorris, Michelle Ray - What Is Love
3:31:42 : 03:34:10 - LexMorris, RachelA - Wolves
3:34:11 : 03:36:38 - Twin, Jessica Chertock - Habits (Stay High)
3:36:39 : 03:39:37 - Twin, Veronica Bravo - We Don't Talk Anymore
3:39:38 : 03:42:46 - Le Bober - Somebody Else
3:42:47 : 03:45:24 - Alban Chela, Mike L _ Britt - Closer
3:45:25 : 03:48:28 - Alban Chela, Mike L, Overheat - Love Yourself
3:48:29 : 03:51:17 - Ben Plum, Tart - What Do You Mean
3:51:18 : 03:54:18 - Dj Goja - Cause I`m Crazy (wav)
[{'time_code_start': 0, 'time_code_end': '02:43', 'time_text': 'Veronica Bravo, Le Bober - Faded'}, {'time_code_start': '02:44', 'time_code_end': '05:46', 'time_text': 'Cale, HALUNA - A Sky Full Of Stars'}, {'time_code_start': '05:47', 'time_code_end': '08:19', 'time_text': 'Cale, HALUNA - Hymn For The Weekend'}, {'time_code_start': '08:20', 'time_code_end': '10:55', 'time_text': 'Max Martis, HALUNA - California Dreaming'}, {'time_code_start': '10:56', 'time_code_end': '13:46', 'time_text': 'Titov, Rachela - Titanium'}, {'time_code_start': '13:47', 'time_code_end': '16:45', 'time_text': 'Dj Goja x Magic Phase - Calm Down'}, {'time_code_start': '16:46', 'time_code_end': '19:25', 'time_text': 'Cale, HALUNA - Payphone'}, {'time_code_start': '19:26', 'time_code_end': '22:34', 'time_text': 'Dj Alex Man, Dj Diac, HALUNA - I’m Blue'}, {'time_code_start': '22:35', 'time_code_end': '25:23', 'time_text': 'Twin _ Elise Lieberth - In The End'}, {'time_code_start': '25:24', 'time_code_end': '28:00', 'time_text': 'HALUNA, PACANI - Lost On You'}, {'time_code_start': '28:01', 'time_code_end': '31:05', 'time_text': 'Twin, Jessica Chertock - Love Me Like You Do'}, {'time_code_start': '31:06', 'time_code_end': '33:56', 'time_text': 'LexMorris, Michelle Ray - What Is Love'}, {'time_code_start': '33:57', 'time_code_end': '36:25', 'time_text': 'LexMorris, RachelA - Wolves'}, {'time_code_start': '36:26', 'time_code_end': '38:53', 'time_text': 'Twin, Jessica Chertock - Habits (Stay High)'}, {'time_code_start': '38:54', 'time_code_end': '41:52', 'time_text': "Twin, Veronica Bravo - We Don't Talk Anymore"}, {'time_code_start': '41:53', 'time_code_end': '45:01', 'time_text': 'Le Bober - Somebody Else'}, {'time_code_start': '45:02', 'time_code_end': '47:39', 'time_text': 'Alban Chela, Mike L _ Britt - Closer'}, {'time_code_start': '47:40', 'time_code_end': '50:43', 'time_text': 'Alban Chela, Mike L, Overheat - Love Yourself'}, {'time_code_start': '50:44', 'time_code_end': '53:32', 'time_text': 'Ben Plum, Tart - What Do You Mean'}, {'time_code_start': '53:33', 'time_code_end': '56:33', 'time_text': 'Dj Goja - Cause I`m Crazy (wav)'}, {'time_code_start': '56:34', 'time_code_end': '59:13', 'time_text': 'Dj Goja x Lunis - Crazy (wav)'}, {'time_code_start': '59:14', 'time_code_end': '01:01:58', 'time_text': 'Veronica Bravo, Le Bober - Faded'}, {'time_code_start': '1:01:59', 'time_code_end': '01:05:01', 'time_text': 'Cale, HALUNA - A Sky Full Of Stars'}, {'time_code_start': '1:05:02', 'time_code_end': '01:07:34', 'time_text': 'Cale, HALUNA - Hymn For The Weekend'}, {'time_code_start': '1:07:35', 'time_code_end': '01:10:10', 'time_text': 'Max Martis, HALUNA - California Dreaming'}, {'time_code_start': '1:10:11', 'time_code_end': '01:13:01', 'time_text': 'Titov, Rachela - Titanium'}, {'time_code_start': '1:13:02', 'time_code_end': '01:16:00', 'time_text': 'Dj Goja x Magic Phase - Calm Down'}, {'time_code_start': '1:16:01', 'time_code_end': '01:18:40', 'time_text': 'Cale, HALUNA - Payphone'}, {'time_code_start': '1:18:41', 'time_code_end': '01:21:49', 'time_text': 'Dj Alex Man, Dj Diac, HALUNA - I’m Blue'}, {'time_code_start': '1:21:50', 'time_code_end': '01:24:38', 'time_text': 'Twin _ Elise Lieberth - In The End'}, {'time_code_start': '1:24:39', 'time_code_end': '01:27:15', 'time_text': 'HALUNA, PACANI - Lost On You'}, {'time_code_start': '1:27:16', 'time_code_end': '01:30:20', 'time_text': 'Twin, Jessica Chertock - Love Me Like You Do'}, {'time_code_start': '1:30:21', 'time_code_end': '01:33:11', 'time_text': 'LexMorris, Michelle Ray - What Is Love'}, {'time_code_start': '1:33:12', 'time_code_end': '01:35:40', 'time_text': 'LexMorris, RachelA - Wolves'}, {'time_code_start': '1:35:41', 'time_code_end': '01:38:08', 'time_text': 'Twin, Jessica Chertock - Habits (Stay High)'}, {'time_code_start': '1:38:09', 'time_code_end': '01:41:07', 'time_text': "Twin, Veronica Bravo - We Don't Talk Anymore"}, {'time_code_start': '1:41:08', 'time_code_end': '01:44:16', 'time_text': 'Le Bober - Somebody Else'}, {'time_code_start': '1:44:17', 'time_code_end': '01:46:54', 'time_text': 'Alban Chela, Mike L _ Britt - Closer'}, {'time_code_start': '1:46:55', 'time_code_end': '01:49:58', 'time_text': 'Alban Chela, Mike L, Overheat - Love Yourself'}, {'time_code_start': '1:49:59', 'time_code_end': '01:52:47', 'time_text': 'Ben Plum, Tart - What Do You Mean'}, {'time_code_start': '1:52:48', 'time_code_end': '01:55:48', 'time_text': 'Dj Goja - Cause I`m Crazy (wav)'}, {'time_code_start': '1:55:49', 'time_code_end': '01:58:28', 'time_text': 'Dj Goja x Lunis - Crazy (wav)'}, {'time_code_start': '1:58:29', 'time_code_end': '02:01:13', 'time_text': 'Veronica Bravo, Le Bober - Faded'}, {'time_code_start': '2:01:14', 'time_code_end': '02:04:16', 'time_text': 'Cale, HALUNA - A Sky Full Of Stars'}, {'time_code_start': '2:04:17', 'time_code_end': '02:06:49', 'time_text': 'Cale, HALUNA - Hymn For The Weekend'}, {'time_code_start': '2:06:50', 'time_code_end': '02:09:25', 'time_text': 'Max Martis, HALUNA - California Dreaming'}, {'time_code_start': '2:09:26', 'time_code_end': '02:12:16', 'time_text': 'Titov, Rachela - Titanium'}, {'time_code_start': '2:12:17', 'time_code_end': '02:15:15', 'time_text': 'Dj Goja x Magic Phase - Calm Down'}, {'time_code_start': '2:15:16', 'time_code_end': '02:17:55', 'time_text': 'Cale, HALUNA - Payphone'}, {'time_code_start': '2:17:56', 'time_code_end': '02:21:04', 'time_text': 'Dj Alex Man, Dj Diac, HALUNA - I’m Blue'}, {'time_code_start': '2:21:05', 'time_code_end': '02:23:53', 'time_text': 'Twin _ Elise Lieberth - In The End'}, {'time_code_start': '2:23:54', 'time_code_end': '02:26:30', 'time_text': 'HALUNA, PACANI - Lost On You'}, {'time_code_start': '2:26:31', 'time_code_end': '02:29:35', 'time_text': 'Twin, Jessica Chertock - Love Me Like You Do'}, {'time_code_start': '2:29:36', 'time_code_end': '02:32:26', 'time_text': 'LexMorris, Michelle Ray - What Is Love'}, {'time_code_start': '2:32:27', 'time_code_end': '02:34:55', 'time_text': 'LexMorris, RachelA - Wolves'}, {'time_code_start': '2:34:56', 'time_code_end': '02:37:23', 'time_text': 'Twin, Jessica Chertock - Habits (Stay High)'}, {'time_code_start': '2:37:24', 'time_code_end': '02:40:22', 'time_text': "Twin, Veronica Bravo - We Don't Talk Anymore"}, {'time_code_start': '2:40:23', 'time_code_end': '02:43:31', 'time_text': 'Le Bober - Somebody Else'}, {'time_code_start': '2:43:32', 'time_code_end': '02:46:09', 'time_text': 'Alban Chela, Mike L _ Britt - Closer'}, {'time_code_start': '2:46:10', 'time_code_end': '02:49:13', 'time_text': 'Alban Chela, Mike L, Overheat - Love Yourself'}, {'time_code_start': '2:49:14', 'time_code_end': '02:52:02', 'time_text': 'Ben Plum, Tart - What Do You Mean'}, {'time_code_start': '2:52:03', 'time_code_end': '02:55:03', 'time_text': 'Dj Goja - Cause I`m Crazy (wav)'}, {'time_code_start': '2:55:04', 'time_code_end': '02:57:43', 'time_text': 'Dj Goja x Lunis - Crazy (wav)'}, {'time_code_start': '2:57:44', 'time_code_end': '03:00:28', 'time_text': 'Veronica Bravo, Le Bober - Faded'}, {'time_code_start': '3:00:29', 'time_code_end': '03:03:31', 'time_text': 'Cale, HALUNA - A Sky Full Of Stars'}, {'time_code_start': '3:03:32', 'time_code_end': '03:06:04', 'time_text': 'Cale, HALUNA - Hymn For The Weekend'}, {'time_code_start': '3:06:05', 'time_code_end': '03:08:40', 'time_text': 'Max Martis, HALUNA - California Dreaming'}, {'time_code_start': '3:08:41', 'time_code_end': '03:11:31', 'time_text': 'Titov, Rachela - Titanium'}, {'time_code_start': '3:11:32', 'time_code_end': '03:14:30', 'time_text': 'Dj Goja x Magic Phase - Calm Down'}, {'time_code_start': '3:14:31', 'time_code_end': '03:17:10', 'time_text': 'Cale, HALUNA - Payphone'}, {'time_code_start': '3:17:11', 'time_code_end': '03:20:19', 'time_text': 'Dj Alex Man, Dj Diac, HALUNA - I’m Blue'}, {'time_code_start': '3:20:20', 'time_code_end': '03:23:08', 'time_text': 'Twin _ Elise Lieberth - In The End'}, {'time_code_start': '3:23:09', 'time_code_end': '03:25:45', 'time_text': 'HALUNA, PACANI - Lost On You'}, {'time_code_start': '3:25:46', 'time_code_end': '03:28:50', 'time_text': 'Twin, Jessica Chertock - Love Me Like You Do'}, {'time_code_start': '3:28:51', 'time_code_end': '03:31:41', 'time_text': 'LexMorris, Michelle Ray - What Is Love'}, {'time_code_start': '3:31:42', 'time_code_end': '03:34:10', 'time_text': 'LexMorris, RachelA - Wolves'}, {'time_code_start': '3:34:11', 'time_code_end': '03:36:38', 'time_text': 'Twin, Jessica Chertock - Habits (Stay High)'}, {'time_code_start': '3:36:39', 'time_code_end': '03:39:37', 'time_text': "Twin, Veronica Bravo - We Don't Talk Anymore"}, {'time_code_start': '3:39:38', 'time_code_end': '03:42:46', 'time_text': 'Le Bober - Somebody Else'}, {'time_code_start': '3:42:47', 'time_code_end': '03:45:24', 'time_text': 'Alban Chela, Mike L _ Britt - Closer'}, {'time_code_start': '3:45:25', 'time_code_end': '03:48:28', 'time_text': 'Alban Chela, Mike L, Overheat - Love Yourself'}, {'time_code_start': '3:48:29', 'time_code_end': '03:51:17', 'time_text': 'Ben Plum, Tart - What Do You Mean'}, {'time_code_start': '3:51:18', 'time_code_end': '03:54:18', 'time_text': 'Dj Goja - Cause I`m Crazy (wav)'}, {'time_code_start': '3:54:19', 'time_code_end': '03:57:32', 'time_text': 'Dj Goja x Lunis - Crazy (wav)'}]
Длительность в формате %H:%M:%S  03:57:32
all_music :: <pydub.audio_segment.AudioSegment object at 0x72a43509f800>
time_code_start: <class 'int'> 0
time_code_end: <class 'int'> 163
time_text: Veronica Bravo, Le Bober - Faded
time_code_start: <class 'int'> 164
time_code_end: <class 'int'> 346
time_text: Cale, HALUNA - A Sky Full Of Stars
time_code_start: <class 'int'> 347
time_code_end: <class 'int'> 499
time_text: Cale, HALUNA - Hymn For The Weekend
time_code_start: <class 'int'> 500
time_code_end: <class 'int'> 655
time_text: Max Martis, HALUNA - California Dreaming
time_code_start: <class 'int'> 656
time_code_end: <class 'int'> 826
time_text: Titov, Rachela - Titanium
time_code_start: <class 'int'> 827
time_code_end: <class 'int'> 1005
time_text: Dj Goja x Magic Phase - Calm Down
time_code_start: <class 'int'> 1006
time_code_end: <class 'int'> 1165
time_text: Cale, HALUNA - Payphone
time_code_start: <class 'int'> 1166
time_code_end: <class 'int'> 1354
time_text: Dj Alex Man, Dj Diac, HALUNA - I’m Blue
time_code_start: <class 'int'> 1355
time_code_end: <class 'int'> 1523
time_text: Twin _ Elise Lieberth - In The End
time_code_start: <class 'int'> 1524
time_code_end: <class 'int'> 1680
time_text: HALUNA, PACANI - Lost On You
time_code_start: <class 'int'> 1681
time_code_end: <class 'int'> 1865
time_text: Twin, Jessica Chertock - Love Me Like You Do
time_code_start: <class 'int'> 1866
time_code_end: <class 'int'> 2036
time_text: LexMorris, Michelle Ray - What Is Love
time_code_start: <class 'int'> 2037
time_code_end: <class 'int'> 2185
time_text: LexMorris, RachelA - Wolves
time_code_start: <class 'int'> 2186
time_code_end: <class 'int'> 2333
time_text: Twin, Jessica Chertock - Habits (Stay High)
time_code_start: <class 'int'> 2334
time_code_end: <class 'int'> 2512
time_text: Twin, Veronica Bravo - We Don't Talk Anymore
time_code_start: <class 'int'> 2513
time_code_end: <class 'int'> 2701
time_text: Le Bober - Somebody Else
time_code_start: <class 'int'> 2702
time_code_end: <class 'int'> 2859
time_text: Alban Chela, Mike L _ Britt - Closer
time_code_start: <class 'int'> 2860
time_code_end: <class 'int'> 3043
time_text: Alban Chela, Mike L, Overheat - Love Yourself
time_code_start: <class 'int'> 3044
time_code_end: <class 'int'> 3212
time_text: Ben Plum, Tart - What Do You Mean
time_code_start: <class 'int'> 3213
time_code_end: <class 'int'> 3393
time_text: Dj Goja - Cause I`m Crazy (wav)
time_code_start: <class 'int'> 3394
time_code_end: <class 'int'> 3553
time_text: Dj Goja x Lunis - Crazy (wav)
time_code_start: <class 'int'> 3554
time_code_end: <class 'int'> 3718
time_text: Veronica Bravo, Le Bober - Faded
time_code_start: <class 'int'> 3719
time_code_end: <class 'int'> 3901
time_text: Cale, HALUNA - A Sky Full Of Stars
time_code_start: <class 'int'> 3902
time_code_end: <class 'int'> 4054
time_text: Cale, HALUNA - Hymn For The Weekend
time_code_start: <class 'int'> 4055
time_code_end: <class 'int'> 4210
time_text: Max Martis, HALUNA - California Dreaming
time_code_start: <class 'int'> 4211
time_code_end: <class 'int'> 4381
time_text: Titov, Rachela - Titanium
time_code_start: <class 'int'> 4382
time_code_end: <class 'int'> 4560
time_text: Dj Goja x Magic Phase - Calm Down
time_code_start: <class 'int'> 4561
time_code_end: <class 'int'> 4720
time_text: Cale, HALUNA - Payphone
time_code_start: <class 'int'> 4721
time_code_end: <class 'int'> 4909
time_text: Dj Alex Man, Dj Diac, HALUNA - I’m Blue
time_code_start: <class 'int'> 4910
time_code_end: <class 'int'> 5078
time_text: Twin _ Elise Lieberth - In The End
time_code_start: <class 'int'> 5079
time_code_end: <class 'int'> 5235
time_text: HALUNA, PACANI - Lost On You
time_code_start: <class 'int'> 5236
time_code_end: <class 'int'> 5420
time_text: Twin, Jessica Chertock - Love Me Like You Do
time_code_start: <class 'int'> 5421
time_code_end: <class 'int'> 5591
time_text: LexMorris, Michelle Ray - What Is Love
time_code_start: <class 'int'> 5592
time_code_end: <class 'int'> 5740
time_text: LexMorris, RachelA - Wolves
time_code_start: <class 'int'> 5741
time_code_end: <class 'int'> 5888
time_text: Twin, Jessica Chertock - Habits (Stay High)
time_code_start: <class 'int'> 5889
time_code_end: <class 'int'> 6067
time_text: Twin, Veronica Bravo - We Don't Talk Anymore
time_code_start: <class 'int'> 6068
time_code_end: <class 'int'> 6256
time_text: Le Bober - Somebody Else
time_code_start: <class 'int'> 6257
time_code_end: <class 'int'> 6414
time_text: Alban Chela, Mike L _ Britt - Closer
time_code_start: <class 'int'> 6415
time_code_end: <class 'int'> 6598
time_text: Alban Chela, Mike L, Overheat - Love Yourself
time_code_start: <class 'int'> 6599
time_code_end: <class 'int'> 6767
time_text: Ben Plum, Tart - What Do You Mean
time_code_start: <class 'int'> 6768
time_code_end: <class 'int'> 6948
time_text: Dj Goja - Cause I`m Crazy (wav)
time_code_start: <class 'int'> 6949
time_code_end: <class 'int'> 7108
time_text: Dj Goja x Lunis - Crazy (wav)
time_code_start: <class 'int'> 7109
time_code_end: <class 'int'> 7273
time_text: Veronica Bravo, Le Bober - Faded
time_code_start: <class 'int'> 7274
time_code_end: <class 'int'> 7456
time_text: Cale, HALUNA - A Sky Full Of Stars
time_code_start: <class 'int'> 7457
time_code_end: <class 'int'> 7609
time_text: Cale, HALUNA - Hymn For The Weekend
time_code_start: <class 'int'> 7610
time_code_end: <class 'int'> 7765
time_text: Max Martis, HALUNA - California Dreaming
time_code_start: <class 'int'> 7766
time_code_end: <class 'int'> 7936
time_text: Titov, Rachela - Titanium
time_code_start: <class 'int'> 7937
time_code_end: <class 'int'> 8115
time_text: Dj Goja x Magic Phase - Calm Down
time_code_start: <class 'int'> 8116
time_code_end: <class 'int'> 8275
time_text: Cale, HALUNA - Payphone
time_code_start: <class 'int'> 8276
time_code_end: <class 'int'> 8464
time_text: Dj Alex Man, Dj Diac, HALUNA - I’m Blue
time_code_start: <class 'int'> 8465
time_code_end: <class 'int'> 8633
time_text: Twin _ Elise Lieberth - In The End
time_code_start: <class 'int'> 8634
time_code_end: <class 'int'> 8790
time_text: HALUNA, PACANI - Lost On You
time_code_start: <class 'int'> 8791
time_code_end: <class 'int'> 8975
time_text: Twin, Jessica Chertock - Love Me Like You Do
time_code_start: <class 'int'> 8976
time_code_end: <class 'int'> 9146
time_text: LexMorris, Michelle Ray - What Is Love
time_code_start: <class 'int'> 9147
time_code_end: <class 'int'> 9295
time_text: LexMorris, RachelA - Wolves
time_code_start: <class 'int'> 9296
time_code_end: <class 'int'> 9443
time_text: Twin, Jessica Chertock - Habits (Stay High)
time_code_start: <class 'int'> 9444
time_code_end: <class 'int'> 9622
time_text: Twin, Veronica Bravo - We Don't Talk Anymore
time_code_start: <class 'int'> 9623
time_code_end: <class 'int'> 9811
time_text: Le Bober - Somebody Else
time_code_start: <class 'int'> 9812
time_code_end: <class 'int'> 9969
time_text: Alban Chela, Mike L _ Britt - Closer
time_code_start: <class 'int'> 9970
time_code_end: <class 'int'> 10153
time_text: Alban Chela, Mike L, Overheat - Love Yourself
time_code_start: <class 'int'> 10154
time_code_end: <class 'int'> 10322
time_text: Ben Plum, Tart - What Do You Mean
time_code_start: <class 'int'> 10323
time_code_end: <class 'int'> 10503
time_text: Dj Goja - Cause I`m Crazy (wav)
time_code_start: <class 'int'> 10504
time_code_end: <class 'int'> 10663
time_text: Dj Goja x Lunis - Crazy (wav)
time_code_start: <class 'int'> 10664
time_code_end: <class 'int'> 10828
time_text: Veronica Bravo, Le Bober - Faded
time_code_start: <class 'int'> 10829
time_code_end: <class 'int'> 11011
time_text: Cale, HALUNA - A Sky Full Of Stars
time_code_start: <class 'int'> 11012
time_code_end: <class 'int'> 11164
time_text: Cale, HALUNA - Hymn For The Weekend
time_code_start: <class 'int'> 11165
time_code_end: <class 'int'> 11320
time_text: Max Martis, HALUNA - California Dreaming
time_code_start: <class 'int'> 11321
time_code_end: <class 'int'> 11491
time_text: Titov, Rachela - Titanium
time_code_start: <class 'int'> 11492
time_code_end: <class 'int'> 11670
time_text: Dj Goja x Magic Phase - Calm Down
time_code_start: <class 'int'> 11671
time_code_end: <class 'int'> 11830
time_text: Cale, HALUNA - Payphone
time_code_start: <class 'int'> 11831
time_code_end: <class 'int'> 12019
time_text: Dj Alex Man, Dj Diac, HALUNA - I’m Blue
time_code_start: <class 'int'> 12020
time_code_end: <class 'int'> 12188
time_text: Twin _ Elise Lieberth - In The End
time_code_start: <class 'int'> 12189
time_code_end: <class 'int'> 12345
time_text: HALUNA, PACANI - Lost On You
time_code_start: <class 'int'> 12346
time_code_end: <class 'int'> 12530
time_text: Twin, Jessica Chertock - Love Me Like You Do
time_code_start: <class 'int'> 12531
time_code_end: <class 'int'> 12701
time_text: LexMorris, Michelle Ray - What Is Love
time_code_start: <class 'int'> 12702
time_code_end: <class 'int'> 12850
time_text: LexMorris, RachelA - Wolves
time_code_start: <class 'int'> 12851
time_code_end: <class 'int'> 12998
time_text: Twin, Jessica Chertock - Habits (Stay High)
time_code_start: <class 'int'> 12999
time_code_end: <class 'int'> 13177
time_text: Twin, Veronica Bravo - We Don't Talk Anymore
time_code_start: <class 'int'> 13178
time_code_end: <class 'int'> 13366
time_text: Le Bober - Somebody Else
time_code_start: <class 'int'> 13367
time_code_end: <class 'int'> 13524
time_text: Alban Chela, Mike L _ Britt - Closer
time_code_start: <class 'int'> 13525
time_code_end: <class 'int'> 13708
time_text: Alban Chela, Mike L, Overheat - Love Yourself
time_code_start: <class 'int'> 13709
time_code_end: <class 'int'> 13877
time_text: Ben Plum, Tart - What Do You Mean
time_code_start: <class 'int'> 13878
time_code_end: <class 'int'> 14058
time_text: Dj Goja - Cause I`m Crazy (wav)
time_code_start: <class 'int'> 14059
time_code_end: <class 'int'> 14252
time_text: Dj Goja x Lunis - Crazy (wav)
